version https://git-lfs.github.com/spec/v1
oid sha256:37888604c0a51f14eeb1d93d0f48b64626d5df24c4acf9d0d39c1642cb6caf49
size 180027392
